// Jest Snapshot v1, https://goo.gl/fbAQLP

exports[`test 1`] = `
jQuery {
  "0": <div>
    
                    
    <div
      class="clearfix"
    >
      
                        
      <div
        class="btn-group"
      >
        
                            
        <a
          class="btn btn-primary"
          href="./index.php?/index/countadd"
          id=""
        >
          
                                新建
                                
          <i
            class="fa fa-plus"
          />
          
                            
        </a>
        
                            
        <button
          class="allDel btn btn-danger"
          style="margin-left:10px;"
        >
          
                                批量删除
                            
        </button>
        
                        
      </div>
      
                    
    </div>
    
                    
    <div
      class="dataTables_wrapper no-footer"
      id="DataTables_Table_0_wrapper"
    >
      <div
        class="dataTables_length"
        id="DataTables_Table_0_length"
      >
        <label>
          Show 
          <select
            aria-controls="DataTables_Table_0"
            class=""
            name="DataTables_Table_0_length"
          >
            <option
              value="10"
            >
              10
            </option>
            <option
              value="25"
            >
              25
            </option>
            <option
              value="50"
            >
              50
            </option>
            <option
              value="100"
            >
              100
            </option>
          </select>
           entries
        </label>
      </div>
      <div
        class="dataTables_filter"
        id="DataTables_Table_0_filter"
      >
        <label>
          Search:
          <input
            aria-controls="DataTables_Table_0"
            class=""
            placeholder=""
            type="search"
          />
        </label>
      </div>
      <table
        aria-describedby="DataTables_Table_0_info"
        class="display table table-bordered dataTable no-footer"
        id="DataTables_Table_0"
        role="grid"
      >
        
                    
        <thead>
          
                        
          <tr
            role="row"
          >
            <th
              aria-label="
                                
                                    <div style=\\"display: block;
                                        \\">
                                        
                                    
                                
                            "
              class="sorting_disabled"
              colspan="1"
              rowspan="1"
            >
              
                                
              <div
                class=""
              >
                
                                    
                <div
                  style="display: block;
                                        "
                >
                  
                                        
                  <div
                    class="icheckbox_flat-red"
                  >
                    <input
                      class="allcheck"
                      style="position: absolute; opacity: 0;"
                      type="checkbox"
                    />
                    <ins
                      class="iCheck-helper"
                      style="position: absolute; top: 0%; left: 0%; display: block; width: 100%; height: 100%; margin: 0px; padding: 0px; background: rgb(255, 255, 255); border: 0px; opacity: 0;"
                    />
                  </div>
                  
                                    
                </div>
                
                                
              </div>
              
                            
            </th>
            <th
              aria-label="ID"
              class="sorting_disabled"
              colspan="1"
              rowspan="1"
            >
              ID
            </th>
            <th
              aria-label="标题"
              class="sorting_disabled"
              colspan="1"
              rowspan="1"
            >
              标题
            </th>
            <th
              aria-label="描述"
              class="sorting_disabled"
              colspan="1"
              rowspan="1"
            >
              描述
            </th>
            <th
              aria-label="时长(单位:秒)"
              class="sorting_disabled"
              colspan="1"
              rowspan="1"
            >
              时长(单位:秒)
            </th>
            <th
              aria-controls="DataTables_Table_0"
              aria-label="创建时间: activate to sort column ascending"
              aria-sort="descending"
              class="sorting_desc"
              colspan="1"
              rowspan="1"
              tabindex="0"
            >
              创建时间
            </th>
            <th
              aria-label="编辑"
              class="sorting_disabled"
              colspan="1"
              rowspan="1"
            >
              编辑
            </th>
          </tr>
          
                    
        </thead>
        

                    
        <tbody>
          
                        
                    
          <tr
            class="odd"
          >
            <td
              class="dataTables_empty"
              colspan="7"
              valign="top"
            >
              Loading...
            </td>
          </tr>
        </tbody>
        
                
      </table>
      <div
        aria-live="polite"
        class="dataTables_info"
        id="DataTables_Table_0_info"
        role="status"
      >
        Showing 0 to 0 of 0 entries
      </div>
      <div
        class="dataTables_paginate paging_simple_numbers"
        id="DataTables_Table_0_paginate"
      >
        <a
          aria-controls="DataTables_Table_0"
          class="paginate_button previous disabled"
          data-dt-idx="0"
          id="DataTables_Table_0_previous"
          tabindex="0"
        >
          Previous
        </a>
        <span />
        <a
          aria-controls="DataTables_Table_0"
          class="paginate_button next disabled"
          data-dt-idx="1"
          id="DataTables_Table_0_next"
          tabindex="0"
        >
          Next
        </a>
      </div>
    </div>
    
                
  </div>,
  "length": 1,
}
`;
